<?xml version="1.0" encoding="ISO-8859-1" ?>
<link_info>
   <banner>TI ARM Linker PC v20.2.6.LTS</banner>
   <copyright>Copyright (c) 1996-2018 Texas Instruments Incorporated</copyright>
   <link_time>0x639ba0f6</link_time>
   <link_errors>0x0</link_errors>
   <output_file>finalproject.out</output_file>
   <entry_point>
      <name>_c_int00_noargs</name>
      <address>0x7939</address>
   </entry_point>
   <input_file_list>
      <input_file id="fl-2">
         <path>.\</path>
         <kind>object</kind>
         <file>ece353.obj</file>
         <name>ece353.obj</name>
      </input_file>
      <input_file id="fl-3">
         <path>.\</path>
         <kind>object</kind>
         <file>i2c.obj</file>
         <name>i2c.obj</name>
      </input_file>
      <input_file id="fl-4">
         <path>.\</path>
         <kind>object</kind>
         <file>images.obj</file>
         <name>images.obj</name>
      </input_file>
      <input_file id="fl-5">
         <path>.\</path>
         <kind>object</kind>
         <file>lcd.obj</file>
         <name>lcd.obj</name>
      </input_file>
      <input_file id="fl-6">
         <path>.\</path>
         <kind>object</kind>
         <file>main.obj</file>
         <name>main.obj</name>
      </input_file>
      <input_file id="fl-7">
         <path>.\</path>
         <kind>object</kind>
         <file>startup_msp432p401r_ccs.obj</file>
         <name>startup_msp432p401r_ccs.obj</name>
      </input_file>
      <input_file id="fl-8">
         <path>.\</path>
         <kind>object</kind>
         <file>system_msp432p401r.obj</file>
         <name>system_msp432p401r.obj</name>
      </input_file>
      <input_file id="fl-9">
         <path>.\</path>
         <kind>object</kind>
         <file>task_accelerometer.obj</file>
         <name>task_accelerometer.obj</name>
      </input_file>
      <input_file id="fl-a">
         <path>.\</path>
         <kind>object</kind>
         <file>task_buzzer.obj</file>
         <name>task_buzzer.obj</name>
      </input_file>
      <input_file id="fl-b">
         <path>.\</path>
         <kind>object</kind>
         <file>task_draw.obj</file>
         <name>task_draw.obj</name>
      </input_file>
      <input_file id="fl-c">
         <path>.\</path>
         <kind>object</kind>
         <file>task_light.obj</file>
         <name>task_light.obj</name>
      </input_file>
      <input_file id="fl-d">
         <path>.\FREERTOS\</path>
         <kind>object</kind>
         <file>croutine.obj</file>
         <name>croutine.obj</name>
      </input_file>
      <input_file id="fl-e">
         <path>.\FREERTOS\</path>
         <kind>object</kind>
         <file>event_groups.obj</file>
         <name>event_groups.obj</name>
      </input_file>
      <input_file id="fl-f">
         <path>.\FREERTOS\</path>
         <kind>object</kind>
         <file>heap_4.obj</file>
         <name>heap_4.obj</name>
      </input_file>
      <input_file id="fl-10">
         <path>.\FREERTOS\</path>
         <kind>object</kind>
         <file>list.obj</file>
         <name>list.obj</name>
      </input_file>
      <input_file id="fl-11">
         <path>.\FREERTOS\</path>
         <kind>object</kind>
         <file>queue.obj</file>
         <name>queue.obj</name>
      </input_file>
      <input_file id="fl-12">
         <path>.\FREERTOS\</path>
         <kind>object</kind>
         <file>stream_buffer.obj</file>
         <name>stream_buffer.obj</name>
      </input_file>
      <input_file id="fl-13">
         <path>.\FREERTOS\</path>
         <kind>object</kind>
         <file>tasks.obj</file>
         <name>tasks.obj</name>
      </input_file>
      <input_file id="fl-14">
         <path>.\FREERTOS\</path>
         <kind>object</kind>
         <file>timers.obj</file>
         <name>timers.obj</name>
      </input_file>
      <input_file id="fl-15">
         <path>.\FREERTOS\portable\</path>
         <kind>object</kind>
         <file>port.obj</file>
         <name>port.obj</name>
      </input_file>
      <input_file id="fl-16">
         <path>.\FREERTOS\portable\</path>
         <kind>object</kind>
         <file>portasm.obj</file>
         <name>portasm.obj</name>
      </input_file>
      <input_file id="fl-1a">
         <kind>object</kind>
         <file>&lt;internal&gt;</file>
         <name>&lt;internal&gt;</name>
      </input_file>
      <input_file id="fl-d0">
         <path>C:\ti\ccs1200\ccs\tools\compiler\ti-cgt-arm_20.2.6.LTS\lib\</path>
         <kind>archive</kind>
         <file>rtsv7M4_T_le_v4SPD16_eabi.lib</file>
         <name>e_pow.c.obj</name>
      </input_file>
      <input_file id="fl-d1">
         <path>C:\ti\ccs1200\ccs\tools\compiler\ti-cgt-arm_20.2.6.LTS\lib\</path>
         <kind>archive</kind>
         <file>rtsv7M4_T_le_v4SPD16_eabi.lib</file>
         <name>e_sqrt.c.obj</name>
      </input_file>
      <input_file id="fl-d2">
         <path>C:\ti\ccs1200\ccs\tools\compiler\ti-cgt-arm_20.2.6.LTS\lib\</path>
         <kind>archive</kind>
         <file>rtsv7M4_T_le_v4SPD16_eabi.lib</file>
         <name>s_scalbn.c.obj</name>
      </input_file>
      <input_file id="fl-d3">
         <path>C:\ti\ccs1200\ccs\tools\compiler\ti-cgt-arm_20.2.6.LTS\lib\</path>
         <kind>archive</kind>
         <file>rtsv7M4_T_le_v4SPD16_eabi.lib</file>
         <name>s_copysign.c.obj</name>
      </input_file>
      <input_file id="fl-d4">
         <path>C:\ti\ccs1200\ccs\tools\compiler\ti-cgt-arm_20.2.6.LTS\lib\</path>
         <kind>archive</kind>
         <file>rtsv7M4_T_le_v4SPD16_eabi.lib</file>
         <name>fd_add_t2.asm.obj</name>
      </input_file>
      <input_file id="fl-d5">
         <path>C:\ti\ccs1200\ccs\tools\compiler\ti-cgt-arm_20.2.6.LTS\lib\</path>
         <kind>archive</kind>
         <file>rtsv7M4_T_le_v4SPD16_eabi.lib</file>
         <name>fd_cmp_t2.asm.obj</name>
      </input_file>
      <input_file id="fl-d6">
         <path>C:\ti\ccs1200\ccs\tools\compiler\ti-cgt-arm_20.2.6.LTS\lib\</path>
         <kind>archive</kind>
         <file>rtsv7M4_T_le_v4SPD16_eabi.lib</file>
         <name>fd_div_t2.asm.obj</name>
      </input_file>
      <input_file id="fl-d7">
         <path>C:\ti\ccs1200\ccs\tools\compiler\ti-cgt-arm_20.2.6.LTS\lib\</path>
         <kind>archive</kind>
         <file>rtsv7M4_T_le_v4SPD16_eabi.lib</file>
         <name>fd_mul_t2.asm.obj</name>
      </input_file>
      <input_file id="fl-d8">
         <path>C:\ti\ccs1200\ccs\tools\compiler\ti-cgt-arm_20.2.6.LTS\lib\</path>
         <kind>archive</kind>
         <file>rtsv7M4_T_le_v4SPD16_eabi.lib</file>
         <name>fd_toi_t2.asm.obj</name>
      </input_file>
      <input_file id="fl-d9">
         <path>C:\ti\ccs1200\ccs\tools\compiler\ti-cgt-arm_20.2.6.LTS\lib\</path>
         <kind>archive</kind>
         <file>rtsv7M4_T_le_v4SPD16_eabi.lib</file>
         <name>i_tofd_t2.asm.obj</name>
      </input_file>
      <input_file id="fl-da">
         <path>C:\ti\ccs1200\ccs\tools\compiler\ti-cgt-arm_20.2.6.LTS\lib\</path>
         <kind>archive</kind>
         <file>rtsv7M4_T_le_v4SPD16_eabi.lib</file>
         <name>memcpy_t2.asm.obj</name>
      </input_file>
      <input_file id="fl-db">
         <path>C:\ti\ccs1200\ccs\tools\compiler\ti-cgt-arm_20.2.6.LTS\lib\</path>
         <kind>archive</kind>
         <file>rtsv7M4_T_le_v4SPD16_eabi.lib</file>
         <name>u_tofd_t2.asm.obj</name>
      </input_file>
      <input_file id="fl-dc">
         <path>C:\ti\ccs1200\ccs\tools\compiler\ti-cgt-arm_20.2.6.LTS\lib\</path>
         <kind>archive</kind>
         <file>rtsv7M4_T_le_v4SPD16_eabi.lib</file>
         <name>memset_t2.asm.obj</name>
      </input_file>
      <input_file id="fl-dd">
         <path>C:\ti\ccs1200\ccs\tools\compiler\ti-cgt-arm_20.2.6.LTS\lib\</path>
         <kind>archive</kind>
         <file>rtsv7M4_T_le_v4SPD16_eabi.lib</file>
         <name>copy_zero_init.c.obj</name>
      </input_file>
      <input_file id="fl-de">
         <path>C:\ti\ccs1200\ccs\tools\compiler\ti-cgt-arm_20.2.6.LTS\lib\</path>
         <kind>archive</kind>
         <file>rtsv7M4_T_le_v4SPD16_eabi.lib</file>
         <name>copy_decompress_none.c.obj</name>
      </input_file>
      <input_file id="fl-df">
         <path>C:\ti\ccs1200\ccs\tools\compiler\ti-cgt-arm_20.2.6.LTS\lib\</path>
         <kind>archive</kind>
         <file>rtsv7M4_T_le_v4SPD16_eabi.lib</file>
         <name>copy_decompress_lzss.c.obj</name>
      </input_file>
      <input_file id="fl-e0">
         <path>C:\ti\ccs1200\ccs\tools\compiler\ti-cgt-arm_20.2.6.LTS\lib\</path>
         <kind>archive</kind>
         <file>rtsv7M4_T_le_v4SPD16_eabi.lib</file>
         <name>rand.c.obj</name>
      </input_file>
      <input_file id="fl-e1">
         <path>C:\ti\ccs1200\ccs\tools\compiler\ti-cgt-arm_20.2.6.LTS\lib\</path>
         <kind>archive</kind>
         <file>rtsv7M4_T_le_v4SPD16_eabi.lib</file>
         <name>errno.c.obj</name>
      </input_file>
      <input_file id="fl-e2">
         <path>C:\ti\ccs1200\ccs\tools\compiler\ti-cgt-arm_20.2.6.LTS\lib\</path>
         <kind>archive</kind>
         <file>rtsv7M4_T_le_v4SPD16_eabi.lib</file>
         <name>boot_cortex_m.c.obj</name>
      </input_file>
      <input_file id="fl-e3">
         <path>C:\ti\ccs1200\ccs\tools\compiler\ti-cgt-arm_20.2.6.LTS\lib\</path>
         <kind>archive</kind>
         <file>rtsv7M4_T_le_v4SPD16_eabi.lib</file>
         <name>autoinit.c.obj</name>
      </input_file>
      <input_file id="fl-e4">
         <path>C:\ti\ccs1200\ccs\tools\compiler\ti-cgt-arm_20.2.6.LTS\lib\</path>
         <kind>archive</kind>
         <file>rtsv7M4_T_le_v4SPD16_eabi.lib</file>
         <name>pre_init.c.obj</name>
      </input_file>
      <input_file id="fl-e5">
         <path>C:\ti\ccs1200\ccs\tools\compiler\ti-cgt-arm_20.2.6.LTS\lib\</path>
         <kind>archive</kind>
         <file>rtsv7M4_T_le_v4SPD16_eabi.lib</file>
         <name>cpy_tbl.c.obj</name>
      </input_file>
      <input_file id="fl-e6">
         <path>C:\ti\ccs1200\ccs\tools\compiler\ti-cgt-arm_20.2.6.LTS\lib\</path>
         <kind>archive</kind>
         <file>rtsv7M4_T_le_v4SPD16_eabi.lib</file>
         <name>exit.c.obj</name>
      </input_file>
      <input_file id="fl-e7">
         <path>C:\ti\ccs1200\ccs\tools\compiler\ti-cgt-arm_20.2.6.LTS\lib\</path>
         <kind>archive</kind>
         <file>rtsv7M4_T_le_v4SPD16_eabi.lib</file>
         <name>_lock.c.obj</name>
      </input_file>
      <input_file id="fl-e8">
         <path>C:\ti\ccs1200\ccs\tools\compiler\ti-cgt-arm_20.2.6.LTS\lib\</path>
         <kind>archive</kind>
         <file>rtsv7M4_T_le_v4SPD16_eabi.lib</file>
         <name>args_main.c.obj</name>
      </input_file>
   </input_file_list>
   <object_component_list>
      <object_component id="oc-26">
         <name>.intvecs:retain</name>
         <load_address>0x0</load_address>
         <run_address>0x0</run_address>
         <size>0xe4</size>
         <input_file_ref idref="fl-7"/>
      </object_component>
      <object_component id="oc-c3">
         <name>.text</name>
         <load_address>0xe4</load_address>
         <run_address>0xe4</run_address>
         <size>0x2810</size>
         <input_file_ref idref="fl-13"/>
      </object_component>
      <object_component id="oc-de">
         <name>.text</name>
         <load_address>0x28f4</load_address>
         <run_address>0x28f4</run_address>
         <size>0x1124</size>
         <input_file_ref idref="fl-11"/>
      </object_component>
      <object_component id="oc-20a">
         <name>.text:pow</name>
         <load_address>0x3a18</load_address>
         <run_address>0x3a18</run_address>
         <size>0x9d0</size>
         <input_file_ref idref="fl-d0"/>
      </object_component>
      <object_component id="oc-1ab">
         <name>.text</name>
         <load_address>0x43e8</load_address>
         <run_address>0x43e8</run_address>
         <size>0x720</size>
         <input_file_ref idref="fl-14"/>
      </object_component>
      <object_component id="oc-109">
         <name>.text</name>
         <load_address>0x4b08</load_address>
         <run_address>0x4b08</run_address>
         <size>0x698</size>
         <input_file_ref idref="fl-2"/>
      </object_component>
      <object_component id="oc-10f">
         <name>.text</name>
         <load_address>0x51a0</load_address>
         <run_address>0x51a0</run_address>
         <size>0x510</size>
         <input_file_ref idref="fl-5"/>
      </object_component>
      <object_component id="oc-193">
         <name>.text</name>
         <load_address>0x56b0</load_address>
         <run_address>0x56b0</run_address>
         <size>0x454</size>
         <input_file_ref idref="fl-f"/>
      </object_component>
      <object_component id="oc-72">
         <name>.text</name>
         <load_address>0x5b04</load_address>
         <run_address>0x5b04</run_address>
         <size>0x438</size>
         <input_file_ref idref="fl-15"/>
      </object_component>
      <object_component id="oc-133">
         <name>.text</name>
         <load_address>0x5f3c</load_address>
         <run_address>0x5f3c</run_address>
         <size>0x414</size>
         <input_file_ref idref="fl-b"/>
      </object_component>
      <object_component id="oc-b6">
         <name>.text</name>
         <load_address>0x6350</load_address>
         <run_address>0x6350</run_address>
         <size>0x354</size>
         <input_file_ref idref="fl-8"/>
      </object_component>
      <object_component id="oc-a4">
         <name>.text</name>
         <load_address>0x66a4</load_address>
         <run_address>0x66a4</run_address>
         <size>0x1fc</size>
         <input_file_ref idref="fl-6"/>
      </object_component>
      <object_component id="oc-78">
         <name>.text</name>
         <load_address>0x68a0</load_address>
         <run_address>0x68a0</run_address>
         <size>0x1dc</size>
         <input_file_ref idref="fl-9"/>
      </object_component>
      <object_component id="oc-115">
         <name>.text</name>
         <load_address>0x6a7c</load_address>
         <run_address>0x6a7c</run_address>
         <size>0x1c4</size>
         <input_file_ref idref="fl-3"/>
      </object_component>
      <object_component id="oc-2d1">
         <name>.text</name>
         <load_address>0x6c40</load_address>
         <run_address>0x6c40</run_address>
         <size>0x1b6</size>
         <input_file_ref idref="fl-d4"/>
      </object_component>
      <object_component id="oc-327">
         <name>.text:_nop</name>
         <load_address>0x6df6</load_address>
         <run_address>0x6df6</run_address>
         <size>0x2</size>
         <input_file_ref idref="fl-e7"/>
      </object_component>
      <object_component id="oc-2db">
         <name>.text:sqrt</name>
         <load_address>0x6df8</load_address>
         <run_address>0x6df8</run_address>
         <size>0x158</size>
         <input_file_ref idref="fl-d1"/>
      </object_component>
      <object_component id="oc-2d6">
         <name>.text</name>
         <load_address>0x6f50</load_address>
         <run_address>0x6f50</run_address>
         <size>0x136</size>
         <input_file_ref idref="fl-d6"/>
      </object_component>
      <object_component id="oc-199">
         <name>.text</name>
         <load_address>0x7086</load_address>
         <run_address>0x7086</run_address>
         <size>0x12a</size>
         <input_file_ref idref="fl-10"/>
      </object_component>
      <object_component id="oc-2f9">
         <name>.text:scalbn</name>
         <load_address>0x71b0</load_address>
         <run_address>0x71b0</run_address>
         <size>0x110</size>
         <input_file_ref idref="fl-d2"/>
      </object_component>
      <object_component id="oc-210">
         <name>.text</name>
         <load_address>0x72c0</load_address>
         <run_address>0x72c0</run_address>
         <size>0xfc</size>
         <input_file_ref idref="fl-d7"/>
      </object_component>
      <object_component id="oc-121">
         <name>.text</name>
         <load_address>0x73bc</load_address>
         <run_address>0x73bc</run_address>
         <size>0xdc</size>
         <input_file_ref idref="fl-a"/>
      </object_component>
      <object_component id="oc-6d">
         <name>.text</name>
         <load_address>0x7498</load_address>
         <run_address>0x7498</run_address>
         <size>0xda</size>
         <input_file_ref idref="fl-16"/>
      </object_component>
      <object_component id="oc-11b">
         <name>.text</name>
         <load_address>0x7574</load_address>
         <run_address>0x7574</run_address>
         <size>0xac</size>
         <input_file_ref idref="fl-c"/>
      </object_component>
      <object_component id="oc-37">
         <name>.text</name>
         <load_address>0x7620</load_address>
         <run_address>0x7620</run_address>
         <size>0x9c</size>
         <input_file_ref idref="fl-da"/>
      </object_component>
      <object_component id="oc-2ef">
         <name>.text:__aeabi_cdcmple</name>
         <load_address>0x76bc</load_address>
         <run_address>0x76bc</run_address>
         <size>0x86</size>
         <input_file_ref idref="fl-d5"/>
      </object_component>
      <object_component id="oc-2f4">
         <name>.text:__aeabi_cdrcmple</name>
         <load_address>0x7742</load_address>
         <run_address>0x7742</run_address>
         <size>0x86</size>
         <input_file_ref idref="fl-d5"/>
      </object_component>
      <object_component id="oc-98">
         <name>.text</name>
         <load_address>0x77c8</load_address>
         <run_address>0x77c8</run_address>
         <size>0x7a</size>
         <input_file_ref idref="fl-dc"/>
      </object_component>
      <object_component id="oc-17">
         <name>.text:decompress:lzss:__TI_decompress_lzss</name>
         <load_address>0x7842</load_address>
         <run_address>0x7842</run_address>
         <size>0x68</size>
         <input_file_ref idref="fl-df"/>
      </object_component>
      <object_component id="oc-215">
         <name>.text</name>
         <load_address>0x78aa</load_address>
         <run_address>0x78aa</run_address>
         <size>0x48</size>
         <input_file_ref idref="fl-d8"/>
      </object_component>
      <object_component id="oc-153">
         <name>.text:__TI_auto_init_nobinit_nopinit:__TI_auto_init_nobinit_nopinit</name>
         <load_address>0x78f4</load_address>
         <run_address>0x78f4</run_address>
         <size>0x44</size>
         <input_file_ref idref="fl-e3"/>
      </object_component>
      <object_component id="oc-55">
         <name>.text:_c_int00_noargs:_c_int00_noargs</name>
         <load_address>0x7938</load_address>
         <run_address>0x7938</run_address>
         <size>0x34</size>
         <input_file_ref idref="fl-e2"/>
      </object_component>
      <object_component id="oc-23c">
         <name>.text:rand</name>
         <load_address>0x796c</load_address>
         <run_address>0x796c</run_address>
         <size>0x34</size>
         <input_file_ref idref="fl-e0"/>
      </object_component>
      <object_component id="oc-2e7">
         <name>.text</name>
         <load_address>0x79a0</load_address>
         <run_address>0x79a0</run_address>
         <size>0x2e</size>
         <input_file_ref idref="fl-d9"/>
      </object_component>
      <object_component id="oc-205">
         <name>.text</name>
         <load_address>0x79ce</load_address>
         <run_address>0x79ce</run_address>
         <size>0x20</size>
         <input_file_ref idref="fl-db"/>
      </object_component>
      <object_component id="oc-385">
         <name>.text:copysign</name>
         <load_address>0x79ee</load_address>
         <run_address>0x79ee</run_address>
         <size>0x1a</size>
         <input_file_ref idref="fl-d3"/>
      </object_component>
      <object_component id="oc-1d">
         <name>.text:decompress:none:__TI_decompress_none</name>
         <load_address>0x7a08</load_address>
         <run_address>0x7a08</run_address>
         <size>0xe</size>
         <input_file_ref idref="fl-de"/>
      </object_component>
      <object_component id="oc-67">
         <name>.text</name>
         <load_address>0x7a16</load_address>
         <run_address>0x7a16</run_address>
         <size>0xe</size>
         <input_file_ref idref="fl-7"/>
      </object_component>
      <object_component id="oc-49">
         <name>.text:decompress:ZI:__TI_zero_init</name>
         <load_address>0x7a24</load_address>
         <run_address>0x7a24</run_address>
         <size>0xc</size>
         <input_file_ref idref="fl-dd"/>
      </object_component>
      <object_component id="oc-2e1">
         <name>.text:__aeabi_errno_addr</name>
         <load_address>0x7a30</load_address>
         <run_address>0x7a30</run_address>
         <size>0x8</size>
         <input_file_ref idref="fl-e1"/>
      </object_component>
      <object_component id="oc-9e">
         <name>.text:_system_pre_init</name>
         <load_address>0x7a38</load_address>
         <run_address>0x7a38</run_address>
         <size>0x4</size>
         <input_file_ref idref="fl-e4"/>
      </object_component>
      <object_component id="oc-147">
         <name>.text:abort:abort</name>
         <load_address>0x7a3c</load_address>
         <run_address>0x7a3c</run_address>
         <size>0x4</size>
         <input_file_ref idref="fl-e6"/>
      </object_component>
      <object_component id="oc-24e">
         <name>.const:.string:gameOverbitmaps</name>
         <load_address>0x7a40</load_address>
         <run_address>0x7a40</run_address>
         <size>0x514</size>
         <input_file_ref idref="fl-4"/>
      </object_component>
      <object_component id="oc-242">
         <name>.const:.string:BasketballBitmap</name>
         <load_address>0x7f54</load_address>
         <run_address>0x7f54</run_address>
         <size>0x250</size>
         <input_file_ref idref="fl-4"/>
      </object_component>
      <object_component id="oc-248">
         <name>.const:.string:niceshotBitmaps</name>
         <load_address>0x81a4</load_address>
         <run_address>0x81a4</run_address>
         <size>0x12d</size>
         <input_file_ref idref="fl-4"/>
      </object_component>
      <object_component id="oc-24b">
         <name>.const:.string:winBitmaps</name>
         <load_address>0x82d1</load_address>
         <run_address>0x82d1</run_address>
         <size>0x10a</size>
         <input_file_ref idref="fl-4"/>
      </object_component>
      <object_component id="oc-245">
         <name>.const:.string:basketBitmaps</name>
         <load_address>0x83db</load_address>
         <run_address>0x83db</run_address>
         <size>0xb4</size>
         <input_file_ref idref="fl-4"/>
      </object_component>
      <object_component id="oc-236">
         <name>.const:.string:SBitmaps</name>
         <load_address>0x848f</load_address>
         <run_address>0x848f</run_address>
         <size>0x48</size>
         <input_file_ref idref="fl-4"/>
      </object_component>
      <object_component id="oc-2ec">
         <name>.const:$O1$$</name>
         <load_address>0x84d8</load_address>
         <run_address>0x84d8</run_address>
         <size>0x30</size>
         <input_file_ref idref="fl-d0"/>
      </object_component>
      <object_component id="oc-233">
         <name>.const</name>
         <load_address>0x8508</load_address>
         <run_address>0x8508</run_address>
         <size>0xe</size>
         <input_file_ref idref="fl-4"/>
      </object_component>
      <object_component id="oc-230">
         <name>.const:.string:threeBitmaps</name>
         <load_address>0x8516</load_address>
         <run_address>0x8516</run_address>
         <size>0xa</size>
         <input_file_ref idref="fl-4"/>
      </object_component>
      <object_component id="oc-22d">
         <name>.const:.string:twoBitmaps</name>
         <load_address>0x8520</load_address>
         <run_address>0x8520</run_address>
         <size>0xa</size>
         <input_file_ref idref="fl-4"/>
      </object_component>
      <object_component id="oc-227">
         <name>.const:.string:zeroBitmaps</name>
         <load_address>0x852a</load_address>
         <run_address>0x852a</run_address>
         <size>0xa</size>
         <input_file_ref idref="fl-4"/>
      </object_component>
      <object_component id="oc-c0">
         <name>.const</name>
         <load_address>0x8534</load_address>
         <run_address>0x8534</run_address>
         <size>0x8</size>
         <input_file_ref idref="fl-15"/>
      </object_component>
      <object_component id="oc-22a">
         <name>.const:.string:oneBitmaps</name>
         <load_address>0x853c</load_address>
         <run_address>0x853c</run_address>
         <size>0x6</size>
         <input_file_ref idref="fl-4"/>
      </object_component>
      <object_component id="oc-1b4">
         <name>.const</name>
         <load_address>0x8544</load_address>
         <run_address>0x8544</run_address>
         <size>0x4</size>
         <input_file_ref idref="fl-13"/>
      </object_component>
      <object_component id="oc-3e9">
         <name>.cinit..data.load</name>
         <load_address>0x8548</load_address>
         <run_address>0x8548</run_address>
         <size>0x21</size>
      </object_component>
      <object_component id="oc-3e7">
         <name>__TI_handler_table</name>
         <load_address>0x856c</load_address>
         <run_address>0x856c</run_address>
         <size>0xc</size>
      </object_component>
      <object_component id="oc-3ea">
         <name>.cinit..bss.load</name>
         <load_address>0x8578</load_address>
         <run_address>0x8578</run_address>
         <size>0x8</size>
      </object_component>
      <object_component id="oc-3e8">
         <name>__TI_cinit_table</name>
         <load_address>0x8580</load_address>
         <run_address>0x8580</run_address>
         <size>0x10</size>
      </object_component>
      <object_component id="oc-3bb">
         <name>.binit</name>
         <load_address>0x0</load_address>
         <run_address>0x0</run_address>
         <size>0x0</size>
      </object_component>
      <object_component id="oc-185">
         <name>.data</name>
         <load_address>0x20008228</load_address>
         <run_address>0x20008228</run_address>
         <size>0x4</size>
         <input_file_ref idref="fl-8"/>
      </object_component>
      <object_component id="oc-e7">
         <name>.data</name>
         <load_address>0x20008210</load_address>
         <run_address>0x20008210</run_address>
         <size>0x8</size>
         <input_file_ref idref="fl-9"/>
      </object_component>
      <object_component id="oc-239">
         <name>.data</name>
         <load_address>0x20008218</load_address>
         <run_address>0x20008218</run_address>
         <size>0x8</size>
         <input_file_ref idref="fl-b"/>
      </object_component>
      <object_component id="oc-28c">
         <name>.data</name>
         <load_address>0x200081cc</load_address>
         <run_address>0x200081cc</run_address>
         <size>0x18</size>
         <input_file_ref idref="fl-f"/>
      </object_component>
      <object_component id="oc-bd">
         <name>.data</name>
         <load_address>0x20008198</load_address>
         <run_address>0x20008198</run_address>
         <size>0x34</size>
         <input_file_ref idref="fl-13"/>
      </object_component>
      <object_component id="oc-2a1">
         <name>.data</name>
         <load_address>0x200081fc</load_address>
         <run_address>0x200081fc</run_address>
         <size>0xc</size>
         <input_file_ref idref="fl-14"/>
      </object_component>
      <object_component id="oc-ca">
         <name>.data</name>
         <load_address>0x200081e4</load_address>
         <run_address>0x200081e4</run_address>
         <size>0x18</size>
         <input_file_ref idref="fl-15"/>
      </object_component>
      <object_component id="oc-317">
         <name>.data</name>
         <load_address>0x20008224</load_address>
         <run_address>0x20008224</run_address>
         <size>0x4</size>
         <input_file_ref idref="fl-e0"/>
      </object_component>
      <object_component id="oc-37b">
         <name>.data</name>
         <load_address>0x20008220</load_address>
         <run_address>0x20008220</run_address>
         <size>0x4</size>
         <input_file_ref idref="fl-e1"/>
      </object_component>
      <object_component id="oc-258">
         <name>.data:$O1$$</name>
         <load_address>0x20008208</load_address>
         <run_address>0x20008208</run_address>
         <size>0x8</size>
         <input_file_ref idref="fl-e7"/>
      </object_component>
      <object_component id="oc-292">
         <name>.bss:ucHeap</name>
         <uninitialized>true</uninitialized>
         <run_address>0x20000000</run_address>
         <size>0x8000</size>
         <input_file_ref idref="fl-f"/>
      </object_component>
      <object_component id="oc-28f">
         <name>.bss:xStart</name>
         <uninitialized>true</uninitialized>
         <run_address>0x20008164</run_address>
         <size>0x8</size>
         <input_file_ref idref="fl-f"/>
      </object_component>
      <object_component id="oc-19f">
         <name>.bss:pxReadyTasksLists</name>
         <uninitialized>true</uninitialized>
         <run_address>0x20008000</run_address>
         <size>0xc8</size>
         <input_file_ref idref="fl-13"/>
      </object_component>
      <object_component id="oc-1b7">
         <name>.bss:xDelayedTaskList1</name>
         <uninitialized>true</uninitialized>
         <run_address>0x200080f0</run_address>
         <size>0x14</size>
         <input_file_ref idref="fl-13"/>
      </object_component>
      <object_component id="oc-1ba">
         <name>.bss:xDelayedTaskList2</name>
         <uninitialized>true</uninitialized>
         <run_address>0x20008104</run_address>
         <size>0x14</size>
         <input_file_ref idref="fl-13"/>
      </object_component>
      <object_component id="oc-1a5">
         <name>.bss</name>
         <uninitialized>true</uninitialized>
         <run_address>0x20008154</run_address>
         <size>0x8</size>
         <input_file_ref idref="fl-13"/>
      </object_component>
      <object_component id="oc-1b1">
         <name>.bss:xPendingReadyList</name>
         <uninitialized>true</uninitialized>
         <run_address>0x20008118</run_address>
         <size>0x14</size>
         <input_file_ref idref="fl-13"/>
      </object_component>
      <object_component id="oc-1a2">
         <name>.bss:xTasksWaitingTermination</name>
         <uninitialized>true</uninitialized>
         <run_address>0x20008140</run_address>
         <size>0x14</size>
         <input_file_ref idref="fl-13"/>
      </object_component>
      <object_component id="oc-1a8">
         <name>.bss:xSuspendedTaskList</name>
         <uninitialized>true</uninitialized>
         <run_address>0x2000812c</run_address>
         <size>0x14</size>
         <input_file_ref idref="fl-13"/>
      </object_component>
      <object_component id="oc-2a7">
         <name>.bss:xActiveTimerList1</name>
         <uninitialized>true</uninitialized>
         <run_address>0x200080c8</run_address>
         <size>0x14</size>
         <input_file_ref idref="fl-14"/>
      </object_component>
      <object_component id="oc-2aa">
         <name>.bss:xActiveTimerList2</name>
         <uninitialized>true</uninitialized>
         <run_address>0x200080dc</run_address>
         <size>0x14</size>
         <input_file_ref idref="fl-14"/>
      </object_component>
      <object_component id="oc-2a4">
         <name>.bss</name>
         <uninitialized>true</uninitialized>
         <run_address>0x2000815c</run_address>
         <size>0x8</size>
         <input_file_ref idref="fl-14"/>
      </object_component>
      <object_component id="oc-ea">
         <name>.common:Direction_Data</name>
         <uninitialized>true</uninitialized>
         <run_address>0x2000816c</run_address>
         <size>0x4</size>
      </object_component>
      <object_component id="oc-eb">
         <name>.common:Task_Accelerometer_Bottom_Half_Handle</name>
         <uninitialized>true</uninitialized>
         <run_address>0x2000817c</run_address>
         <size>0x4</size>
      </object_component>
      <object_component id="oc-12e">
         <name>.common:Task_Accelerometer_Timer_Handle</name>
         <uninitialized>true</uninitialized>
         <run_address>0x20008180</run_address>
         <size>0x4</size>
      </object_component>
      <object_component id="oc-e4">
         <name>.common:dir</name>
         <uninitialized>true</uninitialized>
         <run_address>0x20008194</run_address>
         <size>0x1</size>
      </object_component>
      <object_component id="oc-127">
         <name>.common:Sem_Score</name>
         <uninitialized>true</uninitialized>
         <run_address>0x20008174</run_address>
         <size>0x4</size>
      </object_component>
      <object_component id="oc-12a">
         <name>.common:Sem_Win</name>
         <uninitialized>true</uninitialized>
         <run_address>0x20008178</run_address>
         <size>0x4</size>
      </object_component>
      <object_component id="oc-139">
         <name>.common:scoreSoundTaskHandle</name>
         <uninitialized>true</uninitialized>
         <run_address>0x2000818c</run_address>
         <size>0x4</size>
      </object_component>
      <object_component id="oc-13a">
         <name>.common:winSoundTaskHandle</name>
         <uninitialized>true</uninitialized>
         <run_address>0x20008190</run_address>
         <size>0x4</size>
      </object_component>
      <object_component id="oc-12b">
         <name>.common:LightData</name>
         <uninitialized>true</uninitialized>
         <run_address>0x20008170</run_address>
         <size>0x4</size>
      </object_component>
      <object_component id="oc-132">
         <name>.common:Task_Draw_Images</name>
         <uninitialized>true</uninitialized>
         <run_address>0x20008184</run_address>
         <size>0x4</size>
      </object_component>
      <object_component id="oc-12f">
         <name>.common:Task_Read_Light_Sensor_Handle</name>
         <uninitialized>true</uninitialized>
         <run_address>0x20008188</run_address>
         <size>0x4</size>
      </object_component>
      <object_component id="oc-29">
         <name>.stack</name>
         <uninitialized>true</uninitialized>
         <run_address>0x2000fe00</run_address>
         <size>0x4</size>
         <input_file_ref idref="fl-e2"/>
      </object_component>
      <object_component id="oc-3ec">
         <name>.stack</name>
         <uninitialized>true</uninitialized>
         <run_address>0x2000fe00</run_address>
         <size>0x0</size>
      </object_component>
      <object_component id="oc-200">
         <name>.debug_info</name>
         <load_address>0x0</load_address>
         <run_address>0x0</run_address>
         <size>0x554</size>
         <input_file_ref idref="fl-2"/>
      </object_component>
      <object_component id="oc-10d">
         <name>.debug_info</name>
         <load_address>0x554</load_address>
         <run_address>0x554</run_address>
         <size>0xff6</size>
         <input_file_ref idref="fl-2"/>
      </object_component>
      <object_component id="oc-1e5">
         <name>.debug_info</name>
         <load_address>0x154a</load_address>
         <run_address>0x154a</run_address>
         <size>0x1055</size>
         <input_file_ref idref="fl-2"/>
      </object_component>
      <object_component id="oc-ed">
         <name>.debug_info</name>
         <load_address>0x259f</load_address>
         <run_address>0x259f</run_address>
         <size>0x37e2</size>
         <input_file_ref idref="fl-2"/>
      </object_component>
      <object_component id="oc-f4">
         <name>.debug_info</name>
         <load_address>0x5d81</load_address>
         <run_address>0x5d81</run_address>
         <size>0x26b</size>
         <input_file_ref idref="fl-2"/>
      </object_component>
      <object_component id="oc-13c">
         <name>.debug_info</name>
         <load_address>0x5fec</load_address>
         <run_address>0x5fec</run_address>
         <size>0x8b</size>
         <input_file_ref idref="fl-2"/>
      </object_component>
      <object_component id="oc-1d2">
         <name>.debug_info</name>
         <load_address>0x6077</load_address>
         <run_address>0x6077</run_address>
         <size>0x2a4</size>
         <input_file_ref idref="fl-2"/>
      </object_component>
      <object_component id="oc-d9">
         <name>.debug_info</name>
         <load_address>0x631b</load_address>
         <run_address>0x631b</run_address>
         <size>0xbb</size>
         <input_file_ref idref="fl-2"/>
      </object_component>
      <object_component id="oc-116">
         <name>.debug_info</name>
         <load_address>0x63d6</load_address>
         <run_address>0x63d6</run_address>
         <size>0x9ba</size>
         <input_file_ref idref="fl-3"/>
      </object_component>
      <object_component id="oc-32">
         <name>.debug_info</name>
         <load_address>0x6d90</load_address>
         <run_address>0x6d90</run_address>
         <size>0x84</size>
         <input_file_ref idref="fl-3"/>
      </object_component>
      <object_component id="oc-1d1">
         <name>.debug_info</name>
         <load_address>0x6e14</load_address>
         <run_address>0x6e14</run_address>
         <size>0x6f3</size>
         <input_file_ref idref="fl-4"/>
      </object_component>
      <object_component id="oc-243">
         <name>.debug_info</name>
         <load_address>0x7507</load_address>
         <run_address>0x7507</run_address>
         <size>0xe3</size>
         <input_file_ref idref="fl-4"/>
      </object_component>
      <object_component id="oc-237">
         <name>.debug_info</name>
         <load_address>0x75ea</load_address>
         <run_address>0x75ea</run_address>
         <size>0xd3</size>
         <input_file_ref idref="fl-4"/>
      </object_component>
      <object_component id="oc-246">
         <name>.debug_info</name>
         <load_address>0x76bd</load_address>
         <run_address>0x76bd</run_address>
         <size>0xdd</size>
         <input_file_ref idref="fl-4"/>
      </object_component>
      <object_component id="oc-22b">
         <name>.debug_info</name>
         <load_address>0x779a</load_address>
         <run_address>0x779a</run_address>
         <size>0xd7</size>
         <input_file_ref idref="fl-4"/>
      </object_component>
      <object_component id="oc-22e">
         <name>.debug_info</name>
         <load_address>0x7871</load_address>
         <run_address>0x7871</run_address>
         <size>0xd7</size>
         <input_file_ref idref="fl-4"/>
      </object_component>
      <object_component id="oc-231">
         <name>.debug_info</name>
         <load_address>0x7948</load_address>
         <run_address>0x7948</run_address>
         <size>0xdb</size>
         <input_file_ref idref="fl-4"/>
      </object_component>
      <object_component id="oc-228">
         <name>.debug_info</name>
         <load_address>0x7a23</load_address>
         <run_address>0x7a23</run_address>
         <size>0xd9</size>
         <input_file_ref idref="fl-4"/>
      </object_component>
      <object_component id="oc-24c">
         <name>.debug_info</name>
         <load_address>0x7afc</load_address>
         <run_address>0x7afc</run_address>
         <size>0xd7</size>
         <input_file_ref idref="fl-4"/>
      </object_component>
      <object_component id="oc-24f">
         <name>.debug_info</name>
         <load_address>0x7bd3</load_address>
         <run_address>0x7bd3</run_address>
         <size>0xe2</size>
         <input_file_ref idref="fl-4"/>
      </object_component>
      <object_component id="oc-249">
         <name>.debug_info</name>
         <load_address>0x7cb5</load_address>
         <run_address>0x7cb5</run_address>
         <size>0xe2</size>
         <input_file_ref idref="fl-4"/>
      </object_component>
      <object_component id="oc-234">
         <name>.debug_info</name>
         <load_address>0x7d97</load_address>
         <run_address>0x7d97</run_address>
         <size>0x360</size>
         <input_file_ref idref="fl-4"/>
      </object_component>
      <object_component id="oc-141">
         <name>.debug_info</name>
         <load_address>0x80f7</load_address>
         <run_address>0x80f7</run_address>
         <size>0x315</size>
         <input_file_ref idref="fl-4"/>
      </object_component>
      <object_component id="oc-1f9">
         <name>.debug_info</name>
         <load_address>0x840c</load_address>
         <run_address>0x840c</run_address>
         <size>0x51</size>
         <input_file_ref idref="fl-4"/>
      </object_component>
      <object_component id="oc-1f4">
         <name>.debug_info</name>
         <load_address>0x845d</load_address>
         <run_address>0x845d</run_address>
         <size>0x48b</size>
         <input_file_ref idref="fl-4"/>
      </object_component>
      <object_component id="oc-1ea">
         <name>.debug_info</name>
         <load_address>0x88e8</load_address>
         <run_address>0x88e8</run_address>
         <size>0x4f</size>
         <input_file_ref idref="fl-4"/>
      </object_component>
      <object_component id="oc-21e">
         <name>.debug_info</name>
         <load_address>0x8937</load_address>
         <run_address>0x8937</run_address>
         <size>0x2c</size>
         <input_file_ref idref="fl-4"/>
      </object_component>
      <object_component id="oc-cf">
         <name>.debug_info</name>
         <load_address>0x8963</load_address>
         <run_address>0x8963</run_address>
         <size>0x2c</size>
         <input_file_ref idref="fl-4"/>
      </object_component>
      <object_component id="oc-d4">
         <name>.debug_info</name>
         <load_address>0x898f</load_address>
         <run_address>0x898f</run_address>
         <size>0x53</size>
         <input_file_ref idref="fl-4"/>
      </object_component>
      <object_component id="oc-1ef">
         <name>.debug_info</name>
         <load_address>0x89e2</load_address>
         <run_address>0x89e2</run_address>
         <size>0xcc</size>
         <input_file_ref idref="fl-4"/>
      </object_component>
      <object_component id="oc-1c7">
         <name>.debug_info</name>
         <load_address>0x8aae</load_address>
         <run_address>0x8aae</run_address>
         <size>0x14c</size>
         <input_file_ref idref="fl-4"/>
      </object_component>
      <object_component id="oc-203">
         <name>.debug_info</name>
         <load_address>0x8bfa</load_address>
         <run_address>0x8bfa</run_address>
         <size>0x532</size>
         <input_file_ref idref="fl-5"/>
      </object_component>
      <object_component id="oc-113">
         <name>.debug_info</name>
         <load_address>0x912c</load_address>
         <run_address>0x912c</run_address>
         <size>0xb8d</size>
         <input_file_ref idref="fl-5"/>
      </object_component>
      <object_component id="oc-146">
         <name>.debug_info</name>
         <load_address>0x9cb9</load_address>
         <run_address>0x9cb9</run_address>
         <size>0xcb2</size>
         <input_file_ref idref="fl-6"/>
      </object_component>
      <object_component id="oc-a5">
         <name>.debug_info</name>
         <load_address>0xa96b</load_address>
         <run_address>0xa96b</run_address>
         <size>0x46a</size>
         <input_file_ref idref="fl-6"/>
      </object_component>
      <object_component id="oc-80">
         <name>.debug_info</name>
         <load_address>0xadd5</load_address>
         <run_address>0xadd5</run_address>
         <size>0x348</size>
         <input_file_ref idref="fl-7"/>
      </object_component>
      <object_component id="oc-27">
         <name>.debug_info</name>
         <load_address>0xb11d</load_address>
         <run_address>0xb11d</run_address>
         <size>0xf4</size>
         <input_file_ref idref="fl-7"/>
      </object_component>
      <object_component id="oc-6a">
         <name>.debug_info</name>
         <load_address>0xb211</load_address>
         <run_address>0xb211</run_address>
         <size>0x1bb</size>
         <input_file_ref idref="fl-7"/>
      </object_component>
      <object_component id="oc-186">
         <name>.debug_info</name>
         <load_address>0xb3cc</load_address>
         <run_address>0xb3cc</run_address>
         <size>0xed</size>
         <input_file_ref idref="fl-8"/>
      </object_component>
      <object_component id="oc-b8">
         <name>.debug_info</name>
         <load_address>0xb4b9</load_address>
         <run_address>0xb4b9</run_address>
         <size>0x25f</size>
         <input_file_ref idref="fl-8"/>
      </object_component>
      <object_component id="oc-e5">
         <name>.debug_info</name>
         <load_address>0xb718</load_address>
         <run_address>0xb718</run_address>
         <size>0x89a</size>
         <input_file_ref idref="fl-9"/>
      </object_component>
      <object_component id="oc-e8">
         <name>.debug_info</name>
         <load_address>0xbfb2</load_address>
         <run_address>0xbfb2</run_address>
         <size>0xf4</size>
         <input_file_ref idref="fl-9"/>
      </object_component>
      <object_component id="oc-7a">
         <name>.debug_info</name>
         <load_address>0xc0a6</load_address>
         <run_address>0xc0a6</run_address>
         <size>0x606</size>
         <input_file_ref idref="fl-9"/>
      </object_component>
      <object_component id="oc-128">
         <name>.debug_info</name>
         <load_address>0xc6ac</load_address>
         <run_address>0xc6ac</run_address>
         <size>0x7eb</size>
         <input_file_ref idref="fl-a"/>
      </object_component>
      <object_component id="oc-123">
         <name>.debug_info</name>
         <load_address>0xce97</load_address>
         <run_address>0xce97</run_address>
         <size>0x324</size>
         <input_file_ref idref="fl-a"/>
      </object_component>
      <object_component id="oc-12c">
         <name>.debug_info</name>
         <load_address>0xd1bb</load_address>
         <run_address>0xd1bb</run_address>
         <size>0xd04</size>
         <input_file_ref idref="fl-b"/>
      </object_component>
      <object_component id="oc-23a">
         <name>.debug_info</name>
         <load_address>0xdebf</load_address>
         <run_address>0xdebf</run_address>
         <size>0xed</size>
         <input_file_ref idref="fl-b"/>
      </object_component>
      <object_component id="oc-134">
         <name>.debug_info</name>
         <load_address>0xdfac</load_address>
         <run_address>0xdfac</run_address>
         <size>0x4da</size>
         <input_file_ref idref="fl-b"/>
      </object_component>
      <object_component id="oc-130">
         <name>.debug_info</name>
         <load_address>0xe486</load_address>
         <run_address>0xe486</run_address>
         <size>0x7e8</size>
         <input_file_ref idref="fl-c"/>
      </object_component>
      <object_component id="oc-11c">
         <name>.debug_info</name>
         <load_address>0xec6e</load_address>
         <run_address>0xec6e</run_address>
         <size>0x2f2</size>
         <input_file_ref idref="fl-c"/>
      </object_component>
      <object_component id="oc-2c1">
         <name>.debug_info</name>
         <load_address>0xef60</load_address>
         <run_address>0xef60</run_address>
         <size>0x234</size>
         <input_file_ref idref="fl-d"/>
      </object_component>
      <object_component id="oc-1cc">
         <name>.debug_info</name>
         <load_address>0xf194</load_address>
         <run_address>0xf194</run_address>
         <size>0x48b</size>
         <input_file_ref idref="fl-d"/>
      </object_component>
      <object_component id="oc-366">
         <name>.debug_info</name>
         <load_address>0xf61f</load_address>
         <run_address>0xf61f</run_address>
         <size>0xcc</size>
         <input_file_ref idref="fl-d"/>
      </object_component>
      <object_component id="oc-1c2">
         <name>.debug_info</name>
         <load_address>0xf6eb</load_address>
         <run_address>0xf6eb</run_address>
         <size>0x53</size>
         <input_file_ref idref="fl-d"/>
      </object_component>
      <object_component id="oc-2cb">
         <name>.debug_info</name>
         <load_address>0xf73e</load_address>
         <run_address>0xf73e</run_address>
         <size>0x68f</size>
         <input_file_ref idref="fl-e"/>
      </object_component>
      <object_component id="oc-1de">
         <name>.debug_info</name>
         <load_address>0xfdcd</load_address>
         <run_address>0xfdcd</run_address>
         <size>0x110</size>
         <input_file_ref idref="fl-e"/>
      </object_component>
      <object_component id="oc-287">
         <name>.debug_info</name>
         <load_address>0xfedd</load_address>
         <run_address>0xfedd</run_address>
         <size>0x48b</size>
         <input_file_ref idref="fl-e"/>
      </object_component>
      <object_component id="oc-36d">
         <name>.debug_info</name>
         <load_address>0x10368</load_address>
         <run_address>0x10368</run_address>
         <size>0x76</size>
         <input_file_ref idref="fl-e"/>
      </object_component>
      <object_component id="oc-372">
         <name>.debug_info</name>
         <load_address>0x103de</load_address>
         <run_address>0x103de</run_address>
         <size>0x39</size>
         <input_file_ref idref="fl-e"/>
      </object_component>
      <object_component id="oc-353">
         <name>.debug_info</name>
         <load_address>0x10417</load_address>
         <run_address>0x10417</run_address>
         <size>0x109</size>
         <input_file_ref idref="fl-e"/>
      </object_component>
      <object_component id="oc-278">
         <name>.debug_info</name>
         <load_address>0x10520</load_address>
         <run_address>0x10520</run_address>
         <size>0x4f</size>
         <input_file_ref idref="fl-e"/>
      </object_component>
      <object_component id="oc-296">
         <name>.debug_info</name>
         <load_address>0x1056f</load_address>
         <run_address>0x1056f</run_address>
         <size>0x4be</size>
         <input_file_ref idref="fl-f"/>
      </object_component>
      <object_component id="oc-293">
         <name>.debug_info</name>
         <load_address>0x10a2d</load_address>
         <run_address>0x10a2d</run_address>
         <size>0xd7</size>
         <input_file_ref idref="fl-f"/>
      </object_component>
      <object_component id="oc-290">
         <name>.debug_info</name>
         <load_address>0x10b04</load_address>
         <run_address>0x10b04</run_address>
         <size>0xd7</size>
         <input_file_ref idref="fl-f"/>
      </object_component>
      <object_component id="oc-28d">
         <name>.debug_info</name>
         <load_address>0x10bdb</load_address>
         <run_address>0x10bdb</run_address>
         <size>0x217</size>
         <input_file_ref idref="fl-f"/>
      </object_component>
      <object_component id="oc-194">
         <name>.debug_info</name>
         <load_address>0x10df2</load_address>
         <run_address>0x10df2</run_address>
         <size>0x82c</size>
         <input_file_ref idref="fl-f"/>
      </object_component>
      <object_component id="oc-34a">
         <name>.debug_info</name>
         <load_address>0x1161e</load_address>
         <run_address>0x1161e</run_address>
         <size>0x62</size>
         <input_file_ref idref="fl-f"/>
      </object_component>
      <object_component id="oc-298">
         <name>.debug_info</name>
         <load_address>0x11680</load_address>
         <run_address>0x11680</run_address>
         <size>0x38d</size>
         <input_file_ref idref="fl-10"/>
      </object_component>
      <object_component id="oc-19a">
         <name>.debug_info</name>
         <load_address>0x11a0d</load_address>
         <run_address>0x11a0d</run_address>
         <size>0x4a9</size>
         <input_file_ref idref="fl-10"/>
      </object_component>
      <object_component id="oc-1dd">
         <name>.debug_info</name>
         <load_address>0x11eb6</load_address>
         <run_address>0x11eb6</run_address>
         <size>0x8f9</size>
         <input_file_ref idref="fl-11"/>
      </object_component>
      <object_component id="oc-e1">
         <name>.debug_info</name>
         <load_address>0x127af</load_address>
         <run_address>0x127af</run_address>
         <size>0x3529</size>
         <input_file_ref idref="fl-11"/>
      </object_component>
      <object_component id="oc-2c6">
         <name>.debug_info</name>
         <load_address>0x15cd8</load_address>
         <run_address>0x15cd8</run_address>
         <size>0x1ef</size>
         <input_file_ref idref="fl-11"/>
      </object_component>
      <object_component id="oc-1d8">
         <name>.debug_info</name>
         <load_address>0x15ec7</load_address>
         <run_address>0x15ec7</run_address>
         <size>0x46</size>
         <input_file_ref idref="fl-11"/>
      </object_component>
      <object_component id="oc-27d">
         <name>.debug_info</name>
         <load_address>0x15f0d</load_address>
         <run_address>0x15f0d</run_address>
         <size>0x35</size>
         <input_file_ref idref="fl-11"/>
      </object_component>
      <object_component id="oc-100">
         <name>.debug_info</name>
         <load_address>0x15f42</load_address>
         <run_address>0x15f42</run_address>
         <size>0x2c</size>
         <input_file_ref idref="fl-12"/>
      </object_component>
      <object_component id="oc-18b">
         <name>.debug_info</name>
         <load_address>0x15f6e</load_address>
         <run_address>0x15f6e</run_address>
         <size>0x8a8</size>
         <input_file_ref idref="fl-13"/>
      </object_component>
      <object_component id="oc-be">
         <name>.debug_info</name>
         <load_address>0x16816</load_address>
         <run_address>0x16816</run_address>
         <size>0x344</size>
         <input_file_ref idref="fl-13"/>
      </object_component>
      <object_component id="oc-1a0">
         <name>.debug_info</name>
         <load_address>0x16b5a</load_address>
         <run_address>0x16b5a</run_address>
         <size>0xed</size>
         <input_file_ref idref="fl-13"/>
      </object_component>
      <object_component id="oc-1b8">
         <name>.debug_info</name>
         <load_address>0x16c47</load_address>
         <run_address>0x16c47</run_address>
         <size>0xed</size>
         <input_file_ref idref="fl-13"/>
      </object_component>
      <object_component id="oc-1bb">
         <name>.debug_info</name>
         <load_address>0x16d34</load_address>
         <run_address>0x16d34</run_address>
         <size>0xed</size>
         <input_file_ref idref="fl-13"/>
      </object_component>
      <object_component id="oc-1a6">
         <name>.debug_info</name>
         <load_address>0x16e21</load_address>
         <run_address>0x16e21</run_address>
         <size>0x130</size>
         <input_file_ref idref="fl-13"/>
      </object_component>
      <object_component id="oc-1b2">
         <name>.debug_info</name>
         <load_address>0x16f51</load_address>
         <run_address>0x16f51</run_address>
         <size>0xed</size>
         <input_file_ref idref="fl-13"/>
      </object_component>
      <object_component id="oc-1a3">
         <name>.debug_info</name>
         <load_address>0x1703e</load_address>
         <run_address>0x1703e</run_address>
         <size>0xfb</size>
         <input_file_ref idref="fl-13"/>
      </object_component>
      <object_component id="oc-1a9">
         <name>.debug_info</name>
         <load_address>0x17139</load_address>
         <run_address>0x17139</run_address>
         <size>0xef</size>
         <input_file_ref idref="fl-13"/>
      </object_component>
      <object_component id="oc-1b5">
         <name>.debug_info</name>
         <load_address>0x17228</load_address>
         <run_address>0x17228</run_address>
         <size>0xee</size>
         <input_file_ref idref="fl-13"/>
      </object_component>
      <object_component id="oc-c6">
         <name>.debug_info</name>
         <load_address>0x17316</load_address>
         <run_address>0x17316</run_address>
         <size>0x5c44</size>
         <input_file_ref idref="fl-13"/>
      </object_component>
      <object_component id="oc-18c">
         <name>.debug_info</name>
         <load_address>0x1cf5a</load_address>
         <run_address>0x1cf5a</run_address>
         <size>0x30c</size>
         <input_file_ref idref="fl-13"/>
      </object_component>
      <object_component id="oc-282">
         <name>.debug_info</name>
         <load_address>0x1d266</load_address>
         <run_address>0x1d266</run_address>
         <size>0x16f</size>
         <input_file_ref idref="fl-13"/>
      </object_component>
      <object_component id="oc-2b3">
         <name>.debug_info</name>
         <load_address>0x1d3d5</load_address>
         <run_address>0x1d3d5</run_address>
         <size>0x82e</size>
         <input_file_ref idref="fl-14"/>
      </object_component>
      <object_component id="oc-2a8">
         <name>.debug_info</name>
         <load_address>0x1dc03</load_address>
         <run_address>0x1dc03</run_address>
         <size>0xed</size>
         <input_file_ref idref="fl-14"/>
      </object_component>
      <object_component id="oc-2ab">
         <name>.debug_info</name>
         <load_address>0x1dcf0</load_address>
         <run_address>0x1dcf0</run_address>
         <size>0xed</size>
         <input_file_ref idref="fl-14"/>
      </object_component>
      <object_component id="oc-2a5">
         <name>.debug_info</name>
         <load_address>0x1dddd</load_address>
         <run_address>0x1dddd</run_address>
         <size>0x125</size>
         <input_file_ref idref="fl-14"/>
      </object_component>
      <object_component id="oc-2a2">
         <name>.debug_info</name>
         <load_address>0x1df02</load_address>
         <run_address>0x1df02</run_address>
         <size>0x111</size>
         <input_file_ref idref="fl-14"/>
      </object_component>
      <object_component id="oc-1ac">
         <name>.debug_info</name>
         <load_address>0x1e013</load_address>
         <run_address>0x1e013</run_address>
         <size>0x1ec6</size>
         <input_file_ref idref="fl-14"/>
      </object_component>
      <object_component id="oc-2b4">
         <name>.debug_info</name>
         <load_address>0x1fed9</load_address>
         <run_address>0x1fed9</run_address>
         <size>0x1ce</size>
         <input_file_ref idref="fl-14"/>
      </object_component>
      <object_component id="oc-2ae">
         <name>.debug_info</name>
         <load_address>0x200a7</load_address>
         <run_address>0x200a7</run_address>
         <size>0x46</size>
         <input_file_ref idref="fl-14"/>
      </object_component>
      <object_component id="oc-ce">
         <name>.debug_info</name>
         <load_address>0x200ed</load_address>
         <run_address>0x200ed</run_address>
         <size>0x50a</size>
         <input_file_ref idref="fl-15"/>
      </object_component>
      <object_component id="oc-c1">
         <name>.debug_info</name>
         <load_address>0x205f7</load_address>
         <run_address>0x205f7</run_address>
         <size>0x155</size>
         <input_file_ref idref="fl-15"/>
      </object_component>
      <object_component id="oc-cb">
         <name>.debug_info</name>
         <load_address>0x2074c</load_address>
         <run_address>0x2074c</run_address>
         <size>0x230</size>
         <input_file_ref idref="fl-15"/>
      </object_component>
      <object_component id="oc-74">
         <name>.debug_info</name>
         <load_address>0x2097c</load_address>
         <run_address>0x2097c</run_address>
         <size>0x9b9</size>
         <input_file_ref idref="fl-15"/>
      </object_component>
      <object_component id="oc-6e">
         <name>.debug_info</name>
         <load_address>0x21335</load_address>
         <run_address>0x21335</run_address>
         <size>0x242</size>
         <input_file_ref idref="fl-16"/>
      </object_component>
      <object_component id="oc-305">
         <name>.debug_info</name>
         <load_address>0x21577</load_address>
         <run_address>0x21577</run_address>
         <size>0x35e</size>
         <input_file_ref idref="fl-d0"/>
      </object_component>
      <object_component id="oc-2ed">
         <name>.debug_info</name>
         <load_address>0x218d5</load_address>
         <run_address>0x218d5</run_address>
         <size>0x128</size>
         <input_file_ref idref="fl-d0"/>
      </object_component>
      <object_component id="oc-20c">
         <name>.debug_info</name>
         <load_address>0x219fd</load_address>
         <run_address>0x219fd</run_address>
         <size>0xbf2</size>
         <input_file_ref idref="fl-d0"/>
      </object_component>
      <object_component id="oc-392">
         <name>.debug_info</name>
         <load_address>0x225ef</load_address>
         <run_address>0x225ef</run_address>
         <size>0x46</size>
         <input_file_ref idref="fl-d0"/>
      </object_component>
      <object_component id="oc-300">
         <name>.debug_info</name>
         <load_address>0x22635</load_address>
         <run_address>0x22635</run_address>
         <size>0x39</size>
         <input_file_ref idref="fl-d0"/>
      </object_component>
      <object_component id="oc-37a">
         <name>.debug_info</name>
         <load_address>0x2266e</load_address>
         <run_address>0x2266e</run_address>
         <size>0x2c5</size>
         <input_file_ref idref="fl-d1"/>
      </object_component>
      <object_component id="oc-2dc">
         <name>.debug_info</name>
         <load_address>0x22933</load_address>
         <run_address>0x22933</run_address>
         <size>0x24e</size>
         <input_file_ref idref="fl-d1"/>
      </object_component>
      <object_component id="oc-38c">
         <name>.debug_info</name>
         <load_address>0x22b81</load_address>
         <run_address>0x22b81</run_address>
         <size>0x2f8</size>
         <input_file_ref idref="fl-d2"/>
      </object_component>
      <object_component id="oc-2fa">
         <name>.debug_info</name>
         <load_address>0x22e79</load_address>
         <run_address>0x22e79</run_address>
         <size>0x225</size>
         <input_file_ref idref="fl-d2"/>
      </object_component>
      <object_component id="oc-3b3">
         <name>.debug_info</name>
         <load_address>0x2309e</load_address>
         <run_address>0x2309e</run_address>
         <size>0x39</size>
         <input_file_ref idref="fl-d2"/>
      </object_component>
      <object_component id="oc-38d">
         <name>.debug_info</name>
         <load_address>0x230d7</load_address>
         <run_address>0x230d7</run_address>
         <size>0x2c</size>
         <input_file_ref idref="fl-d2"/>
      </object_component>
      <object_component id="oc-386">
         <name>.debug_info</name>
         <load_address>0x23103</load_address>
         <run_address>0x23103</run_address>
         <size>0x161</size>
         <input_file_ref idref="fl-d3"/>
      </object_component>
      <object_component id="oc-2d2">
         <name>.debug_info</name>
         <load_address>0x23264</load_address>
         <run_address>0x23264</run_address>
         <size>0x14c</size>
         <input_file_ref idref="fl-d4"/>
      </object_component>
      <object_component id="oc-2f0">
         <name>.debug_info</name>
         <load_address>0x233b0</load_address>
         <run_address>0x233b0</run_address>
         <size>0x128</size>
         <input_file_ref idref="fl-d5"/>
      </object_component>
      <object_component id="oc-2f6">
         <name>.debug_info</name>
         <load_address>0x234d8</load_address>
         <run_address>0x234d8</run_address>
         <size>0x12a</size>
         <input_file_ref idref="fl-d5"/>
      </object_component>
      <object_component id="oc-2d7">
         <name>.debug_info</name>
         <load_address>0x23602</load_address>
         <run_address>0x23602</run_address>
         <size>0x13a</size>
         <input_file_ref idref="fl-d6"/>
      </object_component>
      <object_component id="oc-211">
         <name>.debug_info</name>
         <load_address>0x2373c</load_address>
         <run_address>0x2373c</run_address>
         <size>0x13a</size>
         <input_file_ref idref="fl-d7"/>
      </object_component>
      <object_component id="oc-216">
         <name>.debug_info</name>
         <load_address>0x23876</load_address>
         <run_address>0x23876</run_address>
         <size>0x12e</size>
         <input_file_ref idref="fl-d8"/>
      </object_component>
      <object_component id="oc-2e8">
         <name>.debug_info</name>
         <load_address>0x239a4</load_address>
         <run_address>0x239a4</run_address>
         <size>0x12c</size>
         <input_file_ref idref="fl-d9"/>
      </object_component>
      <object_component id="oc-3a">
         <name>.debug_info</name>
         <load_address>0x23ad0</load_address>
         <run_address>0x23ad0</run_address>
         <size>0x119</size>
         <input_file_ref idref="fl-da"/>
      </object_component>
      <object_component id="oc-207">
         <name>.debug_info</name>
         <load_address>0x23be9</load_address>
         <run_address>0x23be9</run_address>
         <size>0x12e</size>
         <input_file_ref idref="fl-db"/>
      </object_component>
      <object_component id="oc-99">
         <name>.debug_info</name>
         <load_address>0x23d17</load_address>
         <run_address>0x23d17</run_address>
         <size>0x147</size>
         <input_file_ref idref="fl-dc"/>
      </object_component>
      <object_component id="oc-97">
         <name>.debug_info</name>
         <load_address>0x23e5e</load_address>
         <run_address>0x23e5e</run_address>
         <size>0x2d4</size>
         <input_file_ref idref="fl-dd"/>
      </object_component>
      <object_component id="oc-4b">
         <name>.debug_info</name>
         <load_address>0x24132</load_address>
         <run_address>0x24132</run_address>
         <size>0x1b5</size>
         <input_file_ref idref="fl-dd"/>
      </object_component>
      <object_component id="oc-92">
         <name>.debug_info</name>
         <load_address>0x242e7</load_address>
         <run_address>0x242e7</run_address>
         <size>0x46</size>
         <input_file_ref idref="fl-dd"/>
      </object_component>
      <object_component id="oc-42">
         <name>.debug_info</name>
         <load_address>0x2432d</load_address>
         <run_address>0x2432d</run_address>
         <size>0x2a8</size>
         <input_file_ref idref="fl-de"/>
      </object_component>
      <object_component id="oc-21">
         <name>.debug_info</name>
         <load_address>0x245d5</load_address>
         <run_address>0x245d5</run_address>
         <size>0x1ea</size>
         <input_file_ref idref="fl-de"/>
      </object_component>
      <object_component id="oc-3d">
         <name>.debug_info</name>
         <load_address>0x247bf</load_address>
         <run_address>0x247bf</run_address>
         <size>0x46</size>
         <input_file_ref idref="fl-de"/>
      </object_component>
      <object_component id="oc-8a">
         <name>.debug_info</name>
         <load_address>0x24805</load_address>
         <run_address>0x24805</run_address>
         <size>0x2c</size>
         <input_file_ref idref="fl-de"/>
      </object_component>
      <object_component id="oc-88">
         <name>.debug_info</name>
         <load_address>0x24831</load_address>
         <run_address>0x24831</run_address>
         <size>0x29e</size>
         <input_file_ref idref="fl-df"/>
      </object_component>
      <object_component id="oc-1a">
         <name>.debug_info</name>
         <load_address>0x24acf</load_address>
         <run_address>0x24acf</run_address>
         <size>0x250</size>
         <input_file_ref idref="fl-df"/>
      </object_component>
      <object_component id="oc-2d">
         <name>.debug_info</name>
         <load_address>0x24d1f</load_address>
         <run_address>0x24d1f</run_address>
         <size>0x60</size>
         <input_file_ref idref="fl-df"/>
      </object_component>
      <object_component id="oc-f9">
         <name>.debug_info</name>
         <load_address>0x24d7f</load_address>
         <run_address>0x24d7f</run_address>
         <size>0x46</size>
         <input_file_ref idref="fl-df"/>
      </object_component>
      <object_component id="oc-83">
         <name>.debug_info</name>
         <load_address>0x24dc5</load_address>
         <run_address>0x24dc5</run_address>
         <size>0x39</size>
         <input_file_ref idref="fl-df"/>
      </object_component>
      <object_component id="oc-318">
         <name>.debug_info</name>
         <load_address>0x24dfe</load_address>
         <run_address>0x24dfe</run_address>
         <size>0xfb</size>
         <input_file_ref idref="fl-e0"/>
      </object_component>
      <object_component id="oc-23e">
         <name>.debug_info</name>
         <load_address>0x24ef9</load_address>
         <run_address>0x24ef9</run_address>
         <size>0x13d</size>
         <input_file_ref idref="fl-e0"/>
      </object_component>
      <object_component id="oc-37f">
         <name>.debug_info</name>
         <load_address>0x25036</load_address>
         <run_address>0x25036</run_address>
         <size>0x289</size>
         <input_file_ref idref="fl-e1"/>
      </object_component>
      <object_component id="oc-37c">
         <name>.debug_info</name>
         <load_address>0x252bf</load_address>
         <run_address>0x252bf</run_address>
         <size>0x10e</size>
         <input_file_ref idref="fl-e1"/>
      </object_component>
      <object_component id="oc-2e5">
         <name>.debug_info</name>
         <load_address>0x253cd</load_address>
         <run_address>0x253cd</run_address>
         <size>0x14e</size>
         <input_file_ref idref="fl-e1"/>
      </object_component>
      <object_component id="oc-2a">
         <name>.debug_info</name>
         <load_address>0x2551b</load_address>
         <run_address>0x2551b</run_address>
         <size>0x10b</size>
         <input_file_ref idref="fl-e2"/>
      </object_component>
      <object_component id="oc-57">
         <name>.debug_info</name>
         <load_address>0x25626</load_address>
         <run_address>0x25626</run_address>
         <size>0x1a9</size>
         <input_file_ref idref="fl-e2"/>
      </object_component>
      <object_component id="oc-25f">
         <name>.debug_info</name>
         <load_address>0x257cf</load_address>
         <run_address>0x257cf</run_address>
         <size>0x4b3</size>
         <input_file_ref idref="fl-e3"/>
      </object_component>
      <object_component id="oc-156">
         <name>.debug_info</name>
         <load_address>0x25c82</load_address>
         <run_address>0x25c82</run_address>
         <size>0x1a6</size>
         <input_file_ref idref="fl-e3"/>
      </object_component>
      <object_component id="oc-335">
         <name>.debug_info</name>
         <load_address>0x25e28</load_address>
         <run_address>0x25e28</run_address>
         <size>0x39</size>
         <input_file_ref idref="fl-e3"/>
      </object_component>
      <object_component id="oc-39e">
         <name>.debug_info</name>
         <load_address>0x25e61</load_address>
         <run_address>0x25e61</run_address>
         <size>0x39</size>
         <input_file_ref idref="fl-e3"/>
      </object_component>
      <object_component id="oc-33a">
         <name>.debug_info</name>
         <load_address>0x25e9a</load_address>
         <run_address>0x25e9a</run_address>
         <size>0x39</size>
         <input_file_ref idref="fl-e3"/>
      </object_component>
      <object_component id="oc-33f">
         <name>.debug_info</name>
         <load_address>0x25ed3</load_address>
         <run_address>0x25ed3</run_address>
         <size>0xcd</size>
         <input_file_ref idref="fl-e3"/>
      </object_component>
      <object_component id="oc-9f">
         <name>.debug_info</name>
         <load_address>0x25fa0</load_address>
         <run_address>0x25fa0</run_address>
         <size>0x153</size>
         <input_file_ref idref="fl-e4"/>
      </object_component>
      <object_component id="oc-148">
         <name>.debug_info</name>
         <load_address>0x260f3</load_address>
         <run_address>0x260f3</run_address>
         <size>0x122</size>
         <input_file_ref idref="fl-e6"/>
      </object_component>
      <object_component id="oc-32f">
         <name>.debug_info</name>
         <load_address>0x26215</load_address>
         <run_address>0x26215</run_address>
         <size>0x2c9</size>
         <input_file_ref idref="fl-e7"/>
      </object_component>
      <object_component id="oc-259">
         <name>.debug_info</name>
         <load_address>0x264de</load_address>
         <run_address>0x264de</run_address>
         <size>0x11e</size>
         <input_file_ref idref="fl-e7"/>
      </object_component>
      <object_component id="oc-328">
         <name>.debug_info</name>
         <load_address>0x265fc</load_address>
         <run_address>0x265fc</run_address>
         <size>0x12e</size>
         <input_file_ref idref="fl-e7"/>
      </object_component>
      <object_component id="oc-3ed">
         <name>.debug_info</name>
         <load_address>0x2672a</load_address>
         <run_address>0x2672a</run_address>
         <size>0xa0</size>
      </object_component>
      <object_component id="oc-2cd">
         <name>.debug_line</name>
         <load_address>0x0</load_address>
         <run_address>0x0</run_address>
         <size>0x5f</size>
         <input_file_ref idref="fl-2"/>
      </object_component>
      <object_component id="oc-10a">
         <name>.debug_line</name>
         <load_address>0x5f</load_address>
         <run_address>0x5f</run_address>
         <size>0x43e</size>
         <input_file_ref idref="fl-2"/>
      </object_component>
      <object_component id="oc-1e8">
         <name>.debug_line</name>
         <load_address>0x49d</load_address>
         <run_address>0x49d</run_address>
         <size>0x5b</size>
         <input_file_ref idref="fl-2"/>
      </object_component>
      <object_component id="oc-f0">
         <name>.debug_line</name>
         <load_address>0x4f8</load_address>
         <run_address>0x4f8</run_address>
         <size>0x58</size>
         <input_file_ref idref="fl-2"/>
      </object_component>
      <object_component id="oc-f7">
         <name>.debug_line</name>
         <load_address>0x550</load_address>
         <run_address>0x550</run_address>
         <size>0x6f</size>
         <input_file_ref idref="fl-2"/>
      </object_component>
      <object_component id="oc-13f">
         <name>.debug_line</name>
         <load_address>0x5bf</load_address>
         <run_address>0x5bf</run_address>
         <size>0x20</size>
         <input_file_ref idref="fl-2"/>
      </object_component>
      <object_component id="oc-1d5">
         <name>.debug_line</name>
         <load_address>0x5df</load_address>
         <run_address>0x5df</run_address>
         <size>0x73</size>
         <input_file_ref idref="fl-2"/>
      </object_component>
      <object_component id="oc-dc">
         <name>.debug_line</name>
         <load_address>0x652</load_address>
         <run_address>0x652</run_address>
         <size>0x70</size>
         <input_file_ref idref="fl-2"/>
      </object_component>
      <object_component id="oc-119">
         <name>.debug_line</name>
         <load_address>0x6c2</load_address>
         <run_address>0x6c2</run_address>
         <size>0x1c9</size>
         <input_file_ref idref="fl-3"/>
      </object_component>
      <object_component id="oc-35">
         <name>.debug_line</name>
         <load_address>0x88b</load_address>
         <run_address>0x88b</run_address>
         <size>0x20</size>
         <input_file_ref idref="fl-3"/>
      </object_component>
      <object_component id="oc-2c3">
         <name>.debug_line</name>
         <load_address>0x8ab</load_address>
         <run_address>0x8ab</run_address>
         <size>0x20</size>
         <input_file_ref idref="fl-4"/>
      </object_component>
      <object_component id="oc-31c">
         <name>.debug_line</name>
         <load_address>0x8cb</load_address>
         <run_address>0x8cb</run_address>
         <size>0x2f</size>
         <input_file_ref idref="fl-4"/>
      </object_component>
      <object_component id="oc-314">
         <name>.debug_line</name>
         <load_address>0x8fa</load_address>
         <run_address>0x8fa</run_address>
         <size>0x2f</size>
         <input_file_ref idref="fl-4"/>
      </object_component>
      <object_component id="oc-31e">
         <name>.debug_line</name>
         <load_address>0x929</load_address>
         <run_address>0x929</run_address>
         <size>0x2f</size>
         <input_file_ref idref="fl-4"/>
      </object_component>
      <object_component id="oc-30c">
         <name>.debug_line</name>
         <load_address>0x958</load_address>
         <run_address>0x958</run_address>
         <size>0x2f</size>
         <input_file_ref idref="fl-4"/>
      </object_component>
      <object_component id="oc-30e">
         <name>.debug_line</name>
         <load_address>0x987</load_address>
         <run_address>0x987</run_address>
         <size>0x2f</size>
         <input_file_ref idref="fl-4"/>
      </object_component>
      <object_component id="oc-310">
         <name>.debug_line</name>
         <load_address>0x9b6</load_address>
         <run_address>0x9b6</run_address>
         <size>0x2f</size>
         <input_file_ref idref="fl-4"/>
      </object_component>
      <object_component id="oc-30a">
         <name>.debug_line</name>
         <load_address>0x9e5</load_address>
         <run_address>0x9e5</run_address>
         <size>0x2f</size>
         <input_file_ref idref="fl-4"/>
      </object_component>
      <object_component id="oc-322">
         <name>.debug_line</name>
         <load_address>0xa14</load_address>
         <run_address>0xa14</run_address>
         <size>0x2f</size>
         <input_file_ref idref="fl-4"/>
      </object_component>
      <object_component id="oc-324">
         <name>.debug_line</name>
         <load_address>0xa43</load_address>
         <run_address>0xa43</run_address>
         <size>0x2f</size>
         <input_file_ref idref="fl-4"/>
      </object_component>
      <object_component id="oc-320">
         <name>.debug_line</name>
         <load_address>0xa72</load_address>
         <run_address>0xa72</run_address>
         <size>0x2f</size>
         <input_file_ref idref="fl-4"/>
      </object_component>
      <object_component id="oc-312">
         <name>.debug_line</name>
         <load_address>0xaa1</load_address>
         <run_address>0xaa1</run_address>
         <size>0x2f</size>
         <input_file_ref idref="fl-4"/>
      </object_component>
      <object_component id="oc-144">
         <name>.debug_line</name>
         <load_address>0xad0</load_address>
         <run_address>0xad0</run_address>
         <size>0x74</size>
         <input_file_ref idref="fl-4"/>
      </object_component>
      <object_component id="oc-1fc">
         <name>.debug_line</name>
         <load_address>0xb44</load_address>
         <run_address>0xb44</run_address>
         <size>0x64</size>
         <input_file_ref idref="fl-4"/>
      </object_component>
      <object_component id="oc-1f7">
         <name>.debug_line</name>
[...]
         <name>uxTopUsedPriority</name>
         <value>0x8544</value>
         <object_component_ref idref="oc-1b4"/>
      </symbol>
      <symbol id="sm-886">
         <name>vTaskPlaceOnEventListRestricted</name>
         <value>0x139d</value>
         <object_component_ref idref="oc-c3"/>
      </symbol>
      <symbol id="sm-887">
         <name>vTaskSetTimeOutState</name>
         <value>0x16c1</value>
         <object_component_ref idref="oc-c3"/>
      </symbol>
      <symbol id="sm-888">
         <name>xTaskIncrementTick</name>
         <value>0xf3d</value>
         <object_component_ref idref="oc-c3"/>
      </symbol>
      <symbol id="sm-889">
         <name>vTaskSwitchContext</name>
         <value>0x11f9</value>
         <object_component_ref idref="oc-c3"/>
      </symbol>
      <symbol id="sm-88a">
         <name>uxTaskResetEventItemValue</name>
         <value>0x1f83</value>
         <object_component_ref idref="oc-c3"/>
      </symbol>
      <symbol id="sm-88b">
         <name>xTaskGetSchedulerState</name>
         <value>0x1bc9</value>
         <object_component_ref idref="oc-c3"/>
      </symbol>
      <symbol id="sm-88c">
         <name>xTaskGetCurrentTaskHandle</name>
         <value>0x1bb9</value>
         <object_component_ref idref="oc-c3"/>
      </symbol>
      <symbol id="sm-88d">
         <name>vTaskPlaceOnUnorderedEventList</name>
         <value>0x12fd</value>
         <object_component_ref idref="oc-c3"/>
      </symbol>
      <symbol id="sm-88e">
         <name>xTaskRemoveFromEventList</name>
         <value>0x1411</value>
         <object_component_ref idref="oc-c3"/>
      </symbol>
      <symbol id="sm-88f">
         <name>eTaskConfirmSleepModeStatus</name>
         <value>0x186b</value>
         <object_component_ref idref="oc-c3"/>
      </symbol>
      <symbol id="sm-890">
         <name>xTaskPriorityInherit</name>
         <value>0x1c11</value>
         <object_component_ref idref="oc-c3"/>
      </symbol>
      <symbol id="sm-94f">
         <name>vTimerSetTimerNumber</name>
         <value>0x4ae3</value>
         <object_component_ref idref="oc-1ab"/>
      </symbol>
      <symbol id="sm-950">
         <name>xTimerGetTimerDaemonTaskHandle</name>
         <value>0x4547</value>
         <object_component_ref idref="oc-1ab"/>
      </symbol>
      <symbol id="sm-951">
         <name>pcTimerGetName</name>
         <value>0x463f</value>
         <object_component_ref idref="oc-1ab"/>
      </symbol>
      <symbol id="sm-952">
         <name>xTimerCreateTimerTask</name>
         <value>0x43e9</value>
         <object_component_ref idref="oc-1ab"/>
      </symbol>
      <symbol id="sm-953">
         <name>xTimerGetExpiryTime</name>
         <value>0x4615</value>
         <object_component_ref idref="oc-1ab"/>
      </symbol>
      <symbol id="sm-954">
         <name>uxTimerGetTimerNumber</name>
         <value>0x4ad5</value>
         <object_component_ref idref="oc-1ab"/>
      </symbol>
      <symbol id="sm-955">
         <name>xTimerIsTimerActive</name>
         <value>0x4a39</value>
         <object_component_ref idref="oc-1ab"/>
      </symbol>
      <symbol id="sm-956">
         <name>xTimerGetPeriod</name>
         <value>0x4569</value>
         <object_component_ref idref="oc-1ab"/>
      </symbol>
      <symbol id="sm-957">
         <name>xTimerCreate</name>
         <value>0x4429</value>
         <object_component_ref idref="oc-1ab"/>
      </symbol>
      <symbol id="sm-958">
         <name>vTimerSetReloadMode</name>
         <value>0x458f</value>
         <object_component_ref idref="oc-1ab"/>
      </symbol>
      <symbol id="sm-959">
         <name>xTimerGenericCommand</name>
         <value>0x44c7</value>
         <object_component_ref idref="oc-1ab"/>
      </symbol>
      <symbol id="sm-95a">
         <name>uxTimerGetReloadMode</name>
         <value>0x45d9</value>
         <object_component_ref idref="oc-1ab"/>
      </symbol>
      <symbol id="sm-95b">
         <name>pvTimerGetTimerID</name>
         <value>0x4a79</value>
         <object_component_ref idref="oc-1ab"/>
      </symbol>
      <symbol id="sm-95c">
         <name>vTimerSetTimerID</name>
         <value>0x4aa7</value>
         <object_component_ref idref="oc-1ab"/>
      </symbol>
      <symbol id="sm-9c4">
         <name>ulMaxSyscallInterruptPriority</name>
         <value>0x8534</value>
         <object_component_ref idref="oc-c0"/>
      </symbol>
      <symbol id="sm-9c5">
         <name>vPortSetupTimerInterrupt</name>
         <value>0x5e61</value>
         <object_component_ref idref="oc-72"/>
      </symbol>
      <symbol id="sm-9c6">
         <name>vPortEndScheduler</name>
         <value>0x5c49</value>
         <object_component_ref idref="oc-72"/>
      </symbol>
      <symbol id="sm-9c7">
         <name>vPortSuppressTicksAndSleep</name>
         <value>0x5d09</value>
         <object_component_ref idref="oc-72"/>
      </symbol>
      <symbol id="sm-9c8">
         <name>xPortSysTickHandler</name>
         <value>0x5cdb</value>
         <object_component_ref idref="oc-72"/>
      </symbol>
      <symbol id="sm-9c9">
         <name>vPortValidateInterruptPriority</name>
         <value>0x5ea9</value>
         <object_component_ref idref="oc-72"/>
      </symbol>
      <symbol id="sm-9ca">
         <name>pxPortInitialiseStack</name>
         <value>0x5b05</value>
         <object_component_ref idref="oc-72"/>
      </symbol>
      <symbol id="sm-9cb">
         <name>vPortExitCritical</name>
         <value>0x5caf</value>
         <object_component_ref idref="oc-72"/>
      </symbol>
      <symbol id="sm-9cc">
         <name>xPortStartScheduler</name>
         <value>0x5b91</value>
         <object_component_ref idref="oc-72"/>
      </symbol>
      <symbol id="sm-9cd">
         <name>vPortEnterCritical</name>
         <value>0x5c6d</value>
         <object_component_ref idref="oc-72"/>
      </symbol>
      <symbol id="sm-9dc">
         <name>vPortStartFirstTask</name>
         <value>0x7541</value>
         <object_component_ref idref="oc-6d"/>
      </symbol>
      <symbol id="sm-9dd">
         <name>ulPortGetIPSR</name>
         <value>0x74a9</value>
         <object_component_ref idref="oc-6d"/>
      </symbol>
      <symbol id="sm-9de">
         <name>vPortEnableVFP</name>
         <value>0x7565</value>
         <object_component_ref idref="oc-6d"/>
      </symbol>
      <symbol id="sm-9df">
         <name>xPortPendSVHandler</name>
         <value>0x74c1</value>
         <object_component_ref idref="oc-6d"/>
      </symbol>
      <symbol id="sm-9e0">
         <name>vPortSVCHandler</name>
         <value>0x7521</value>
         <object_component_ref idref="oc-6d"/>
      </symbol>
      <symbol id="sm-a76">
         <name>pow</name>
         <value>0x3a19</value>
         <object_component_ref idref="oc-20a"/>
      </symbol>
      <symbol id="sm-a77">
         <name>powl</name>
         <value>0x3a19</value>
         <object_component_ref idref="oc-20a"/>
      </symbol>
      <symbol id="sm-a99">
         <name>sqrtl</name>
         <value>0x6df9</value>
         <object_component_ref idref="oc-2db"/>
      </symbol>
      <symbol id="sm-a9a">
         <name>sqrt</name>
         <value>0x6df9</value>
         <object_component_ref idref="oc-2db"/>
      </symbol>
      <symbol id="sm-ac1">
         <name>scalbn</name>
         <value>0x71b1</value>
         <object_component_ref idref="oc-2f9"/>
      </symbol>
      <symbol id="sm-ac2">
         <name>scalbnl</name>
         <value>0x71b1</value>
         <object_component_ref idref="oc-2f9"/>
      </symbol>
      <symbol id="sm-ac3">
         <name>ldexpl</name>
         <value>0x71b1</value>
         <object_component_ref idref="oc-2f9"/>
      </symbol>
      <symbol id="sm-ac4">
         <name>ldexp</name>
         <value>0x71b1</value>
         <object_component_ref idref="oc-2f9"/>
      </symbol>
      <symbol id="sm-ace">
         <name>copysign</name>
         <value>0x79ef</value>
         <object_component_ref idref="oc-385"/>
      </symbol>
      <symbol id="sm-acf">
         <name>copysignl</name>
         <value>0x79ef</value>
         <object_component_ref idref="oc-385"/>
      </symbol>
      <symbol id="sm-ae6">
         <name>__aeabi_dsub</name>
         <value>0x6c41</value>
         <object_component_ref idref="oc-2d1"/>
      </symbol>
      <symbol id="sm-ae7">
         <name>__aeabi_dadd</name>
         <value>0x6c4b</value>
         <object_component_ref idref="oc-2d1"/>
      </symbol>
      <symbol id="sm-b09">
         <name>__aeabi_cdcmpeq</name>
         <value>0x76bd</value>
         <object_component_ref idref="oc-2ef"/>
      </symbol>
      <symbol id="sm-b0a">
         <name>__aeabi_cdcmple</name>
         <value>0x76bd</value>
         <object_component_ref idref="oc-2ef"/>
      </symbol>
      <symbol id="sm-b0b">
         <name>__aeabi_cdrcmple</name>
         <value>0x7743</value>
         <object_component_ref idref="oc-2f4"/>
      </symbol>
      <symbol id="sm-b1f">
         <name>__aeabi_ddiv</name>
         <value>0x6f51</value>
         <object_component_ref idref="oc-2d6"/>
      </symbol>
      <symbol id="sm-b2a">
         <name>__aeabi_dmul</name>
         <value>0x72c1</value>
         <object_component_ref idref="oc-210"/>
      </symbol>
      <symbol id="sm-b34">
         <name>__aeabi_d2iz</name>
         <value>0x78ab</value>
         <object_component_ref idref="oc-215"/>
      </symbol>
      <symbol id="sm-b3e">
         <name>__aeabi_i2d</name>
         <value>0x79a1</value>
         <object_component_ref idref="oc-2e7"/>
      </symbol>
      <symbol id="sm-b59">
         <name>memcpy</name>
         <value>0x7621</value>
         <object_component_ref idref="oc-37"/>
      </symbol>
      <symbol id="sm-b5a">
         <name>__aeabi_memcpy</name>
         <value>0x7621</value>
         <object_component_ref idref="oc-37"/>
      </symbol>
      <symbol id="sm-b5b">
         <name>__aeabi_memcpy8</name>
         <value>0x7621</value>
         <object_component_ref idref="oc-37"/>
      </symbol>
      <symbol id="sm-b5c">
         <name>__aeabi_memcpy4</name>
         <value>0x7621</value>
         <object_component_ref idref="oc-37"/>
      </symbol>
      <symbol id="sm-b66">
         <name>__aeabi_ui2d</name>
         <value>0x79cf</value>
         <object_component_ref idref="oc-205"/>
      </symbol>
      <symbol id="sm-b75">
         <name>__aeabi_memset</name>
         <value>0x77cb</value>
         <object_component_ref idref="oc-98"/>
      </symbol>
      <symbol id="sm-b76">
         <name>memset</name>
         <value>0x77d1</value>
         <object_component_ref idref="oc-98"/>
      </symbol>
      <symbol id="sm-b77">
         <name>__aeabi_memset8</name>
         <value>0x77cb</value>
         <object_component_ref idref="oc-98"/>
      </symbol>
      <symbol id="sm-b78">
         <name>__aeabi_memset4</name>
         <value>0x77cb</value>
         <object_component_ref idref="oc-98"/>
      </symbol>
      <symbol id="sm-b79">
         <name>__aeabi_memclr8</name>
         <value>0x77c9</value>
         <object_component_ref idref="oc-98"/>
      </symbol>
      <symbol id="sm-b7a">
         <name>__aeabi_memclr4</name>
         <value>0x77c9</value>
         <object_component_ref idref="oc-98"/>
      </symbol>
      <symbol id="sm-b7b">
         <name>__aeabi_memclr</name>
         <value>0x77c9</value>
         <object_component_ref idref="oc-98"/>
      </symbol>
      <symbol id="sm-b8d">
         <name>__TI_zero_init</name>
         <value>0x7a25</value>
         <object_component_ref idref="oc-49"/>
      </symbol>
      <symbol id="sm-ba4">
         <name>__TI_decompress_none</name>
         <value>0x7a09</value>
         <object_component_ref idref="oc-1d"/>
      </symbol>
      <symbol id="sm-bc7">
         <name>__TI_decompress_lzss</name>
         <value>0x7843</value>
         <object_component_ref idref="oc-17"/>
      </symbol>
      <symbol id="sm-bdd">
         <name>rand</name>
         <value>0x796d</value>
         <object_component_ref idref="oc-23c"/>
      </symbol>
      <symbol id="sm-bf3">
         <name>__aeabi_errno_addr</name>
         <value>0x7a31</value>
         <object_component_ref idref="oc-2e1"/>
      </symbol>
      <symbol id="sm-bf4">
         <name>errno</name>
         <value>0x20008220</value>
         <object_component_ref idref="oc-37b"/>
      </symbol>
      <symbol id="sm-c07">
         <name>__stack</name>
         <value>0x2000fe00</value>
         <object_component_ref idref="oc-29"/>
      </symbol>
      <symbol id="sm-c08">
         <name>_c_int00_noargs</name>
         <value>0x7939</value>
         <object_component_ref idref="oc-55"/>
      </symbol>
      <symbol id="sm-c30">
         <name>__TI_auto_init_nobinit_nopinit</name>
         <value>0x78f5</value>
         <object_component_ref idref="oc-153"/>
      </symbol>
      <symbol id="sm-c3a">
         <name>_system_pre_init</name>
         <value>0x7a39</value>
         <object_component_ref idref="oc-9e"/>
      </symbol>
      <symbol id="sm-c46">
         <name>C$$EXIT</name>
         <value>0x7a3d</value>
         <object_component_ref idref="oc-147"/>
      </symbol>
      <symbol id="sm-c47">
         <name>abort</name>
         <value>0x7a3d</value>
         <object_component_ref idref="oc-147"/>
      </symbol>
      <symbol id="sm-c5c">
         <name>_nop</name>
         <value>0x6df7</value>
         <object_component_ref idref="oc-327"/>
      </symbol>
      <symbol id="sm-c5d">
         <name>_lock</name>
         <value>0x20008208</value>
         <object_component_ref idref="oc-258"/>
      </symbol>
      <symbol id="sm-c5e">
         <name>_unlock</name>
         <value>0x2000820c</value>
         <object_component_ref idref="oc-258"/>
      </symbol>
      <symbol id="sm-c60">
         <name>__TI_static_base__</name>
         <value>0x0</value>
      </symbol>
      <symbol id="sm-c63">
         <name>__mpu_init</name>
         <value>0x0</value>
      </symbol>
      <symbol id="sm-c64">
         <name>_system_post_cinit</name>
         <value>0x0</value>
      </symbol>
      <symbol id="sm-c65">
         <name>NMI_Handler</name>
         <value>0x7a23</value>
      </symbol>
      <symbol id="sm-c66">
         <name>HardFault_Handler</name>
         <value>0x7a23</value>
      </symbol>
      <symbol id="sm-c67">
         <name>MemManage_Handler</name>
         <value>0x7a23</value>
      </symbol>
      <symbol id="sm-c68">
         <name>BusFault_Handler</name>
         <value>0x7a23</value>
      </symbol>
      <symbol id="sm-c69">
         <name>UsageFault_Handler</name>
         <value>0x7a23</value>
      </symbol>
      <symbol id="sm-c6a">
         <name>SVC_Handler</name>
         <value>0x7a23</value>
      </symbol>
      <symbol id="sm-c6b">
         <name>DebugMon_Handler</name>
         <value>0x7a23</value>
      </symbol>
      <symbol id="sm-c6c">
         <name>PendSV_Handler</name>
         <value>0x7a23</value>
      </symbol>
      <symbol id="sm-c6d">
         <name>SysTick_Handler</name>
         <value>0x7a23</value>
      </symbol>
      <symbol id="sm-c6e">
         <name>PSS_IRQHandler</name>
         <value>0x7a23</value>
      </symbol>
      <symbol id="sm-c6f">
         <name>CS_IRQHandler</name>
         <value>0x7a23</value>
      </symbol>
      <symbol id="sm-c70">
         <name>PCM_IRQHandler</name>
         <value>0x7a23</value>
      </symbol>
      <symbol id="sm-c71">
         <name>WDT_A_IRQHandler</name>
         <value>0x7a23</value>
      </symbol>
      <symbol id="sm-c72">
         <name>FPU_IRQHandler</name>
         <value>0x7a23</value>
      </symbol>
      <symbol id="sm-c73">
         <name>FLCTL_IRQHandler</name>
         <value>0x7a23</value>
      </symbol>
      <symbol id="sm-c74">
         <name>COMP_E0_IRQHandler</name>
         <value>0x7a23</value>
      </symbol>
      <symbol id="sm-c75">
         <name>COMP_E1_IRQHandler</name>
         <value>0x7a23</value>
      </symbol>
      <symbol id="sm-c76">
         <name>TA0_0_IRQHandler</name>
         <value>0x7a23</value>
      </symbol>
      <symbol id="sm-c77">
         <name>TA0_N_IRQHandler</name>
         <value>0x7a23</value>
      </symbol>
      <symbol id="sm-c78">
         <name>TA1_0_IRQHandler</name>
         <value>0x7a23</value>
      </symbol>
      <symbol id="sm-c79">
         <name>TA1_N_IRQHandler</name>
         <value>0x7a23</value>
      </symbol>
      <symbol id="sm-c7a">
         <name>TA2_0_IRQHandler</name>
         <value>0x7a23</value>
      </symbol>
      <symbol id="sm-c7b">
         <name>TA2_N_IRQHandler</name>
         <value>0x7a23</value>
      </symbol>
      <symbol id="sm-c7c">
         <name>TA3_0_IRQHandler</name>
         <value>0x7a23</value>
      </symbol>
      <symbol id="sm-c7d">
         <name>TA3_N_IRQHandler</name>
         <value>0x7a23</value>
      </symbol>
      <symbol id="sm-c7e">
         <name>EUSCIA0_IRQHandler</name>
         <value>0x7a23</value>
      </symbol>
      <symbol id="sm-c7f">
         <name>EUSCIA1_IRQHandler</name>
         <value>0x7a23</value>
      </symbol>
      <symbol id="sm-c80">
         <name>EUSCIA2_IRQHandler</name>
         <value>0x7a23</value>
      </symbol>
      <symbol id="sm-c81">
         <name>EUSCIA3_IRQHandler</name>
         <value>0x7a23</value>
      </symbol>
      <symbol id="sm-c82">
         <name>EUSCIB0_IRQHandler</name>
         <value>0x7a23</value>
      </symbol>
      <symbol id="sm-c83">
         <name>EUSCIB1_IRQHandler</name>
         <value>0x7a23</value>
      </symbol>
      <symbol id="sm-c84">
         <name>EUSCIB2_IRQHandler</name>
         <value>0x7a23</value>
      </symbol>
      <symbol id="sm-c85">
         <name>EUSCIB3_IRQHandler</name>
         <value>0x7a23</value>
      </symbol>
      <symbol id="sm-c86">
         <name>ADC14_IRQHandler</name>
         <value>0x69f3</value>
      </symbol>
      <symbol id="sm-c87">
         <name>T32_INT1_IRQHandler</name>
         <value>0x7a23</value>
      </symbol>
      <symbol id="sm-c88">
         <name>T32_INT2_IRQHandler</name>
         <value>0x7a23</value>
      </symbol>
      <symbol id="sm-c89">
         <name>T32_INTC_IRQHandler</name>
         <value>0x7a23</value>
      </symbol>
      <symbol id="sm-c8a">
         <name>AES256_IRQHandler</name>
         <value>0x7a23</value>
      </symbol>
      <symbol id="sm-c8b">
         <name>RTC_C_IRQHandler</name>
         <value>0x7a23</value>
      </symbol>
      <symbol id="sm-c8c">
         <name>DMA_ERR_IRQHandler</name>
         <value>0x7a23</value>
      </symbol>
      <symbol id="sm-c8d">
         <name>DMA_INT3_IRQHandler</name>
         <value>0x7a23</value>
      </symbol>
      <symbol id="sm-c8e">
         <name>DMA_INT2_IRQHandler</name>
         <value>0x7a23</value>
      </symbol>
      <symbol id="sm-c8f">
         <name>DMA_INT1_IRQHandler</name>
         <value>0x7a23</value>
      </symbol>
      <symbol id="sm-c90">
         <name>DMA_INT0_IRQHandler</name>
         <value>0x7a23</value>
      </symbol>
      <symbol id="sm-c91">
         <name>PORT1_IRQHandler</name>
         <value>0x7a23</value>
      </symbol>
      <symbol id="sm-c92">
         <name>PORT2_IRQHandler</name>
         <value>0x7a23</value>
      </symbol>
      <symbol id="sm-c93">
         <name>PORT3_IRQHandler</name>
         <value>0x7a23</value>
      </symbol>
      <symbol id="sm-c94">
         <name>PORT4_IRQHandler</name>
         <value>0x7a23</value>
      </symbol>
      <symbol id="sm-c95">
         <name>PORT5_IRQHandler</name>
         <value>0x7a23</value>
      </symbol>
      <symbol id="sm-c96">
         <name>PORT6_IRQHandler</name>
         <value>0x7a23</value>
      </symbol>
   </symbol_table>
   <title>Link successful</title>
</link_info>
